// Jest Snapshot v1, https://goo.gl/fbAQLP

exports[`[Component] Button should renderizar um snapshot 1`] = `
.c0 {
  cursor: pointer;
  border-radius: 4px;
  display: -webkit-inline-box;
  display: -webkit-inline-flex;
  display: -ms-inline-flexbox;
  display: inline-flex;
  -webkit-align-items: center;
  -webkit-box-align: center;
  -ms-flex-align: center;
  align-items: center;
  -webkit-box-pack: center;
  -webkit-justify-content: center;
  -ms-flex-pack: center;
  justify-content: center;
  -webkit-flex-wrap: nowrap;
  -ms-flex-wrap: nowrap;
  flex-wrap: nowrap;
  border: 1px solid transparent;
  -webkit-transition: background-color 0.15s ease-in-out;
  transition: background-color 0.15s ease-in-out;
  width: 100%;
  color: #ffffff;
  background-color: #002c7a;
  height: -webkit-min-content;
  height: -moz-min-content;
  height: min-content;
  font-size: 1;
  padding: 12px;
  font-weight: 800;
  max-width: 224px;
}

.c0:hover {
  background-color: #1e5bc6;
}

.c0:disabled,
.c0:disabled:hover {
  opacity: 0.5;
  cursor: not-allowed;
  background-color: #d0d0d0;
}

.c0:focus {
  border: 1px solid #ffffff;
  box-shadow: 0 0 0 1px #282828;
}

.c0:active {
  border: 1px solid transparent;
  box-shadow: none;
}

@media screen and (min-width:600px) {
  .c0 {
    width: 100%;
  }
}

<div>
  <button
    class="c0"
    color="blue"
  >
    Mais Informações
  </button>
  <div
    class="Toastify"
  />
</div>
`;
